type: block
nodes:
nodes:
- type: tag
  name: html
  selfClosing: false
  nodes:
  - type: tag
    name: body
    selfClosing: false
    nodes:
    - type: tag
      name: h1
      selfClosing: false
      nodes:
      - type: text
        content: Title
